---
source: src/frontend/revset_prompt.rs
expression: terminal.backend()
---
"                                                                                "
"                                                                                "
"                                                                                "
"                                                                                "
"                                                                                "
"                                                                                "
"                                                                                "
"                                                                                "
"                                                                                "
"          ╭ Revset ──────────────────────────────────────────────────╮          "
"          │ this is a test                                           │          "
"          ╰───────────────────────────────────────────── Enter / Esc ╯          "
"                                                                                "
"                                                                                "
"                                                                                "
"                                                                                "
"                                                                                "
"                                                                                "
"                                                                                "
"                                                                                "
