---
source: src/frontend/empty_buffer.rs
expression: terminal.backend()
---
"  ~                                                                             "
"  ~                                                                             "
"  ~                                                                             "
"  ~                                                                             "
"  ~                                                                             "
"  ~                                                                             "
"  ~                                                                             "
"  ~                                                                             "
"  ~                                                                             "
"  ~                                                                             "
"  ~                                                                             "
"  ~                                                                             "
"  ~                                                                             "
"  ~                                                                             "
"  ~                                                                             "
"  ~                                                                             "
"  ~                                                                             "
"  ~                                                                             "
"  ~                                                                             "
"  ~                                                                             "
