---
source: src/frontend/space_menu.rs
expression: terminal.backend()
---
"                                                                                "
"                                                                                "
"                                                                                "
"                                                                                "
"                                                                                "
"                                                                                "
"                                                                                "
"                                                                                "
"                                                                                "
"                                                                                "
"                                                                                "
"                                                                                "
"                                                                                "
"                                                                                "
"                                                                                "
"                                                        ┌──────────────────────┐"
"                                                        │ r  Select revset     │"
"                                                        └──────────────────────┘"
"                                                                                "
"                                                                                "
